
     | | | | | | |
   _________________
  -|               |-
  -|               |-
  -|               |-
  -|    CYPRESS    |-
  -|               |-
  -|               |-   Warp VHDL Synthesis Compiler: Version 4 IR x77
  -|               |-   Copyright (C) 1991, 1992, 1993,
   |_______________|    1994, 1995, 1996, 1997 Cypress Semiconductor
     | | | | | | |

======================================================================
Compiling:  lfsr.vhd
Options:    -m -q -o2 -ygs -fO -fP -v10 -dc344 -pCY7C344-20HC/HI -a lfsr.vhd
======================================================================

C:\warp\bin\vhdlfe.exe V4 IR x77:  VHDL parser
Fri Jan 23 22:26:46 1998

Library 'work' => directory 'lc344'
Linking 'C:\warp\lib\common\work\cypress.vif'.
Library 'ieee' => directory 'C:\warp\lib\ieee\work'
Linking 'C:\warp\lib\ieee\work\stdlogic.vif'.
Linking 'C:\warp\lib\common\stdlogic\lpmpkg.vif'.
Linking 'C:\warp\lib\common\stdlogic\rtlpkg.vif'.
Linking 'C:\warp\lib\common\stdlogic\mod_cnst.vif'.
Linking 'C:\warp\lib\common\stdlogic\mod_mthu.vif'.
Linking 'C:\warp\lib\common\stdlogic\mod_mths.vif'.
Linking 'C:\warp\lib\common\stdlogic\mod_genu.vif'.
Library 'ieee' => directory 'C:\warp\lib\ieee\work'

C:\warp\bin\vhdlfe.exe:  No errors.


C:\warp\bin\tovif.exe V4 IR x77:  High-level synthesis
Fri Jan 23 22:26:47 1998

Linking 'C:\warp\lib\common\work\cypress.vif'.
Linking 'C:\warp\lib\ieee\work\stdlogic.vif'.
Linking 'C:\warp\lib\common\stdlogic\lpmpkg.vif'.
Linking 'C:\warp\lib\common\stdlogic\rtlpkg.vif'.
Linking 'C:\warp\lib\common\stdlogic\mod_cnst.vif'.
Linking 'C:\warp\lib\common\stdlogic\mod_mthu.vif'.
Linking 'C:\warp\lib\common\stdlogic\mod_mths.vif'.
Linking 'C:\warp\lib\common\stdlogic\mod_genu.vif'.
Added entity 'lfsr8' to library 'work'
Added architecture 'archlfsr8' to library 'work'
Added package 'lfsr8_pkg' to library 'work'

C:\warp\bin\tovif.exe:  No errors.

